---
source: tests/integration/commands/check.rs
expression: output
---
args: ["check"]
status: 1
success: false
stdin ---
012
stdout ---

stderr ---
error: unexpected leading zero
 --> stdin:1:1
  |
1 | 012
  | ^
  | |
  | first zero found here
  |
help: remove the leading zeros
  |
1 - 012
1 + 12
  |
