---
source: tests/integration/conformance.rs
expression: output.snapshot_display()
---
args: ["format"]
status: 0
success: true
stdin ---
{"x":[{"id": "xxxxxxxxxxxxxxxxxxxxxxxxxxxxxxxxxxxxxxxx"}], "id": "xxxxxxxxxxxxxxxxxxxxxxxxxxxxxxxxxxxxxxxx"}
stdout ---
{
  "x": [{ "id": "xxxxxxxxxxxxxxxxxxxxxxxxxxxxxxxxxxxxxxxx" }],
  "id": "xxxxxxxxxxxxxxxxxxxxxxxxxxxxxxxxxxxxxxxx"
}

stderr ---
