---
source: tests/integration/commands/check.rs
expression: output
---
args: ["check"]
status: 1
success: false
stdin ---
{"hi", 
stdout ---

stderr ---
error: expected colon after key, found `,`
 --> stdin:1:6
  |
1 | {"hi", 
  |  ----^
  |  |
  |  expected due to `"hi"`
  |
help: insert colon and placeholder value
  |
1 | {"hi": "🐟🛹", 
  |      ++++++++
