---
source: tests/integration/commands/format.rs
expression: output.snapshot_display()
---
args: ["format"]
status: 0
success: true
stdin ---
["this string is way way way way way way way way way way way way way way too long"]
stdout ---
[
  "this string is way way way way way way way way way way way way way way too long"
]

stderr ---
