---
source: tests/integration/conformance.rs
expression: output.snapshot_display()
---
args: ["format"]
status: 1
success: false
stdin ---
[0e]
stdout ---

stderr ---
error: expected +/- or digit after exponent indicator, found `]`
 --> stdin:1:4
  |
1 | [0e]
  |   -^
  |   |
  |   exponent found here
  |
help: remove the exponent
  |
1 - [0e]
1 + [0]
  |
help: insert a placeholder digit
  |
1 | [0e5]
  |    +
