---
source: tests/integration/conformance.rs
expression: output.snapshot_display()
---
args: ["format"]
status: 1
success: false
stdin ---
[0E+]
stdout ---

stderr ---
error: expected digit after exponent indicator, found `]`
 --> stdin:1:5
  |
1 | [0E+]
  |   --^
  |   |
  |   exponent found here
  |
help: remove the exponent
  |
1 - [0E+]
1 + [0]
  |
help: insert a placeholder digit
  |
1 | [0E+5]
  |     +
