---
source: tests/integration/commands/check.rs
expression: output
---
args: ["check"]
status: 1
success: false
stdin ---
"
stdout ---

stderr ---
error: expected closing quote
 --> stdin:1:1
  |
1 | "
  | ^
  | |
  | opening quote found here
  |
help: insert the missing closing quote
  |
1 | ""
  |  +
