---
source: tests/integration/commands/format.rs
expression: output.snapshot_display()
---
args: ["format", "--uglify"]
status: 0
success: true
stdin ---
{"\/\\\"\uCAFE\uBABE\uAB98\uFCDE\ubcda\uef4A\b\f\n\r\t`1~!@#$%^&*()_+-=[]{}|;:',./<>?": "A key can be any string"}
stdout ---
{"\/\\\"\uCAFE\uBABE\uAB98\uFCDE\ubcda\uef4A\b\f\n\r\t`1~!@#$%^&*()_+-=[]{}|;:',./<>?":"A key can be any string"}

stderr ---
