---
source: tests/integration/commands/format.rs
expression: output.snapshot_display()
---
args: ["format", "--uglify"]
status: 0
success: true
stdin ---
 
{
    "obj": { "obj": { "obj": { "obj": { "obj": { "obj": { "obj": { "obj": { "obj": { "obj": { "obj": { "obj": { "obj": { "obj": { "obj": { "obj": { "obj": { "obj": {
                    "slkdfjlsdfjsdsldkjflsfljdflksdjksdfljksdfjlkdflksjfdkl": ["hello"]
                } } } } } } } } } } } } } } } } } } }

stdout ---
{"obj":{"obj":{"obj":{"obj":{"obj":{"obj":{"obj":{"obj":{"obj":{"obj":{"obj":{"obj":{"obj":{"obj":{"obj":{"obj":{"obj":{"obj":{"slkdfjlsdfjsdsldkjflsfljdflksdjksdfljksdfjlkdflksjfdkl":["hello"]}}}}}}}}}}}}}}}}}}}

stderr ---
